
> app@0.1.0 build
> next build

▲ Next.js 16.3.4 (Turbopack)
✓ Running next.config.ts took 22ms

  Creating an optimized production build ...
Turbopack build encountered 3 warnings:
[next]/internal/font/google/geist_a71539c9.module.css
Warning: Error while requesting resource
There was an issue establishing a connection while requesting https://fonts.googleapis.com/css2?family=Geist:wght@100..900&display=swap

Import trace:
  Server Component:
    [next]/internal/font/google/geist_a71539c9.module.css
    [next]/internal/font/google/geist_a71539c9.js
    ./src/app/layout.tsx


[next]/internal/font/google/geist_mono_8d43a2aa.module.css
Warning: Error while requesting resource
There was an issue establishing a connection while requesting https://fonts.googleapis.com/css2?family=Geist+Mono:wght@100..900&display=swap

Import trace:
  Server Component:
    [next]/internal/font/google/geist_mono_8d43a2aa.module.css
    [next]/internal/font/google/geist_mono_8d43a2aa.js
    ./src/app/layout.tsx


[next]/internal/font/google/newsreader_e324fe0e.module.css
Warning: Error while requesting resource
There was an issue establishing a connection while requesting https://fonts.googleapis.com/css2?family=Newsreader:wght@200..800&display=swap

Import trace:
  Server Component:
    [next]/internal/font/google/newsreader_e324fe0e.module.css
    [next]/internal/font/google/newsreader_e324fe0e.js
    ./src/app/layout.tsx



> Build error occurred
Error: Turbopack build failed with 3 errors:
[next]/internal/font/google/geist_a71539c9.module.css
Error: next/font: error:
Failed to fetch Geist from Google Fonts.
If you are offline or behind a proxy, self-host the font with next/font/local, or set HTTP_PROXY/HTTPS_PROXY so Next.js can reach fonts.googleapis.com.

Import trace:
  Server Component:
    [next]/internal/font/google/geist_a71539c9.module.css
    [next]/internal/font/google/geist_a71539c9.js
    ./src/app/layout.tsx


[next]/internal/font/google/geist_mono_8d43a2aa.module.css
Error: next/font: error:
Failed to fetch Geist Mono from Google Fonts.
If you are offline or behind a proxy, self-host the font with next/font/local, or set HTTP_PROXY/HTTPS_PROXY so Next.js can reach fonts.googleapis.com.

Import trace:
  Server Component:
    [next]/internal/font/google/geist_mono_8d43a2aa.module.css
    [next]/internal/font/google/geist_mono_8d43a2aa.js
    ./src/app/layout.tsx


[next]/internal/font/google/newsreader_e324fe0e.module.css
Error: next/font: error:
Failed to fetch Newsreader from Google Fonts.
If you are offline or behind a proxy, self-host the font with next/font/local, or set HTTP_PROXY/HTTPS_PROXY so Next.js can reach fonts.googleapis.com.

Import trace:
  Server Component:
    [next]/internal/font/google/newsreader_e324fe0e.module.css
    [next]/internal/font/google/newsreader_e324fe0e.js
    ./src/app/layout.tsx


    at ignore-listed frames
