Listing 'backend'...
Listing 'backend\\.mypy_cache'...
Listing 'backend\\.mypy_cache\\3.12'...
Listing 'backend\\.pytest_cache'...
Listing 'backend\\.pytest_cache\\v'...
Listing 'backend\\.pytest_cache\\v\\cache'...
Listing 'backend\\.ruff_cache'...
Listing 'backend\\.ruff_cache\\0.16.8'...
Listing 'backend\\.venv'...
Listing 'backend\\.venv\\Lib'...
Listing 'backend\\.venv\\Lib\\site-packages'...
Listing 'backend\\.venv\\Lib\\site-packages\\_pytest'...
Listing 'backend\\.venv\\Lib\\site-packages\\_pytest\\_code'...
Listing 'backend\\.venv\\Lib\\site-packages\\_pytest\\_io'...
Listing 'backend\\.venv\\Lib\\site-packages\\_pytest\\_py'...
Listing 'backend\\.venv\\Lib\\site-packages\\_pytest\\assertion'...
Listing 'backend\\.venv\\Lib\\site-packages\\_pytest\\config'...
Listing 'backend\\.venv\\Lib\\site-packages\\_pytest\\mark'...
Listing 'backend\\.venv\\Lib\\site-packages\\alembic'...
Listing 'backend\\.venv\\Lib\\site-packages\\alembic\\autogenerate'...
Listing 'backend\\.venv\\Lib\\site-packages\\alembic\\autogenerate\\compare'...
Listing 'backend\\.venv\\Lib\\site-packages\\alembic\\ddl'...
Listing 'backend\\.venv\\Lib\\site-packages\\alembic\\ext'...
Listing 'backend\\.venv\\Lib\\site-packages\\alembic\\operations'...
Listing 'backend\\.venv\\Lib\\site-packages\\alembic\\runtime'...
Listing 'backend\\.venv\\Lib\\site-packages\\alembic\\script'...
Listing 'backend\\.venv\\Lib\\site-packages\\alembic\\templates'...
Listing 'backend\\.venv\\Lib\\site-packages\\alembic\\templates\\async'...
Listing 'backend\\.venv\\Lib\\site-packages\\alembic\\templates\\generic'...
Listing 'backend\\.venv\\Lib\\site-packages\\alembic\\templates\\multidb'...
Listing 'backend\\.venv\\Lib\\site-packages\\alembic\\templates\\pyproject'...
Listing 'backend\\.venv\\Lib\\site-packages\\alembic\\templates\\pyproject_async'...
Listing 'backend\\.venv\\Lib\\site-packages\\alembic\\testing'...
Listing 'backend\\.venv\\Lib\\site-packages\\alembic\\testing\\plugin'...
Listing 'backend\\.venv\\Lib\\site-packages\\alembic\\testing\\suite'...
Listing 'backend\\.venv\\Lib\\site-packages\\alembic\\util'...
Listing 'backend\\.venv\\Lib\\site-packages\\alembic-1.20.0.dist-info'...
Listing 'backend\\.venv\\Lib\\site-packages\\alembic-1.20.0.dist-info\\licenses'...
Listing 'backend\\.venv\\Lib\\site-packages\\annotated_doc'...
Listing 'backend\\.venv\\Lib\\site-packages\\annotated_doc-0.0.5.dist-info'...
Listing 'backend\\.venv\\Lib\\site-packages\\annotated_doc-0.0.5.dist-info\\licenses'...
Listing 'backend\\.venv\\Lib\\site-packages\\annotated_types'...
Listing 'backend\\.venv\\Lib\\site-packages\\annotated_types-0.8.0.dist-info'...
Listing 'backend\\.venv\\Lib\\site-packages\\annotated_types-0.8.0.dist-info\\licenses'...
Listing 'backend\\.venv\\Lib\\site-packages\\anyio'...
Listing 'backend\\.venv\\Lib\\site-packages\\anyio\\_backends'...
Listing 'backend\\.venv\\Lib\\site-packages\\anyio\\_core'...
Listing 'backend\\.venv\\Lib\\site-packages\\anyio\\abc'...
Listing 'backend\\.venv\\Lib\\site-packages\\anyio\\streams'...
Listing 'backend\\.venv\\Lib\\site-packages\\anyio-4.15.1.dist-info'...
Listing 'backend\\.venv\\Lib\\site-packages\\anyio-4.15.1.dist-info\\licenses'...
Listing 'backend\\.venv\\Lib\\site-packages\\certifi'...
Listing 'backend\\.venv\\Lib\\site-packages\\certifi\\tests'...
Listing 'backend\\.venv\\Lib\\site-packages\\certifi-2026.7.22.dist-info'...
Listing 'backend\\.venv\\Lib\\site-packages\\certifi-2026.7.22.dist-info\\licenses'...
Listing 'backend\\.venv\\Lib\\site-packages\\click'...
Listing 'backend\\.venv\\Lib\\site-packages\\click-8.5.0.dist-info'...
Listing 'backend\\.venv\\Lib\\site-packages\\click-8.5.0.dist-info\\licenses'...
Listing 'backend\\.venv\\Lib\\site-packages\\colorama'...
Listing 'backend\\.venv\\Lib\\site-packages\\colorama\\tests'...
Listing 'backend\\.venv\\Lib\\site-packages\\colorama-0.4.6.dist-info'...
Listing 'backend\\.venv\\Lib\\site-packages\\colorama-0.4.6.dist-info\\licenses'...
Listing 'backend\\.venv\\Lib\\site-packages\\dotenv'...
Listing 'backend\\.venv\\Lib\\site-packages\\fastapi'...
Listing 'backend\\.venv\\Lib\\site-packages\\fastapi\\.agents'...
Listing 'backend\\.venv\\Lib\\site-packages\\fastapi\\.agents\\skills'...
Listing 'backend\\.venv\\Lib\\site-packages\\fastapi\\.agents\\skills\\fastapi'...
Listing 'backend\\.venv\\Lib\\site-packages\\fastapi\\.agents\\skills\\fastapi\\references'...
Listing 'backend\\.venv\\Lib\\site-packages\\fastapi\\_compat'...
Listing 'backend\\.venv\\Lib\\site-packages\\fastapi\\dependencies'...
Listing 'backend\\.venv\\Lib\\site-packages\\fastapi\\middleware'...
Listing 'backend\\.venv\\Lib\\site-packages\\fastapi\\openapi'...
Listing 'backend\\.venv\\Lib\\site-packages\\fastapi\\security'...
Listing 'backend\\.venv\\Lib\\site-packages\\fastapi-0.141.1.dist-info'...
Listing 'backend\\.venv\\Lib\\site-packages\\fastapi-0.141.1.dist-info\\licenses'...
Listing 'backend\\.venv\\Lib\\site-packages\\greenlet'...
Listing 'backend\\.venv\\Lib\\site-packages\\greenlet\\platform'...
Listing 'backend\\.venv\\Lib\\site-packages\\greenlet\\tests'...
Listing 'backend\\.venv\\Lib\\site-packages\\greenlet-3.5.6.dist-info'...
Listing 'backend\\.venv\\Lib\\site-packages\\greenlet-3.5.6.dist-info\\licenses'...
Listing 'backend\\.venv\\Lib\\site-packages\\h11'...
Listing 'backend\\.venv\\Lib\\site-packages\\h11-0.16.0.dist-info'...
Listing 'backend\\.venv\\Lib\\site-packages\\h11-0.16.0.dist-info\\licenses'...
Listing 'backend\\.venv\\Lib\\site-packages\\httpcore'...
Listing 'backend\\.venv\\Lib\\site-packages\\httpcore\\_async'...
Listing 'backend\\.venv\\Lib\\site-packages\\httpcore\\_backends'...
Listing 'backend\\.venv\\Lib\\site-packages\\httpcore\\_sync'...
Listing 'backend\\.venv\\Lib\\site-packages\\httpcore-1.0.9.dist-info'...
Listing 'backend\\.venv\\Lib\\site-packages\\httpcore-1.0.9.dist-info\\licenses'...
Listing 'backend\\.venv\\Lib\\site-packages\\httpx'...
Listing 'backend\\.venv\\Lib\\site-packages\\httpx\\_transports'...
Listing 'backend\\.venv\\Lib\\site-packages\\httpx-0.28.1.dist-info'...
Listing 'backend\\.venv\\Lib\\site-packages\\httpx-0.28.1.dist-info\\licenses'...
Listing 'backend\\.venv\\Lib\\site-packages\\idna'...
Listing 'backend\\.venv\\Lib\\site-packages\\idna-3.20.dist-info'...
Listing 'backend\\.venv\\Lib\\site-packages\\idna-3.20.dist-info\\licenses'...
Listing 'backend\\.venv\\Lib\\site-packages\\iniconfig'...
Listing 'backend\\.venv\\Lib\\site-packages\\iniconfig-2.3.0.dist-info'...
Listing 'backend\\.venv\\Lib\\site-packages\\iniconfig-2.3.0.dist-info\\licenses'...
Listing 'backend\\.venv\\Lib\\site-packages\\librt'...
Listing 'backend\\.venv\\Lib\\site-packages\\librt-0.15.0.dist-info'...
Listing 'backend\\.venv\\Lib\\site-packages\\librt-0.15.0.dist-info\\licenses'...
Listing 'backend\\.venv\\Lib\\site-packages\\mako'...
Listing 'backend\\.venv\\Lib\\site-packages\\mako\\ext'...
Listing 'backend\\.venv\\Lib\\site-packages\\mako\\testing'...
Listing 'backend\\.venv\\Lib\\site-packages\\mako-1.4.1.dist-info'...
Listing 'backend\\.venv\\Lib\\site-packages\\mako-1.4.1.dist-info\\licenses'...
Listing 'backend\\.venv\\Lib\\site-packages\\markupsafe'...
Listing 'backend\\.venv\\Lib\\site-packages\\markupsafe-3.0.3.dist-info'...
Listing 'backend\\.venv\\Lib\\site-packages\\markupsafe-3.0.3.dist-info\\licenses'...
Listing 'backend\\.venv\\Lib\\site-packages\\mypy'...
Listing 'backend\\.venv\\Lib\\site-packages\\mypy\\build_worker'...
Listing 'backend\\.venv\\Lib\\site-packages\\mypy\\dmypy'...
Listing 'backend\\.venv\\Lib\\site-packages\\mypy\\plugins'...
Listing 'backend\\.venv\\Lib\\site-packages\\mypy\\server'...
Listing 'backend\\.venv\\Lib\\site-packages\\mypy\\test'...
Listing 'backend\\.venv\\Lib\\site-packages\\mypy\\test\\meta'...
Listing 'backend\\.venv\\Lib\\site-packages\\mypy\\typeshed'...
Listing 'backend\\.venv\\Lib\\site-packages\\mypy\\typeshed\\stdlib'...
Listing 'backend\\.venv\\Lib\\site-packages\\mypy\\typeshed\\stdlib\\_typeshed'...
Listing 'backend\\.venv\\Lib\\site-packages\\mypy\\typeshed\\stdlib\\asyncio'...
Listing 'backend\\.venv\\Lib\\site-packages\\mypy\\typeshed\\stdlib\\collections'...
Listing 'backend\\.venv\\Lib\\site-packages\\mypy\\typeshed\\stdlib\\compression'...
Listing 'backend\\.venv\\Lib\\site-packages\\mypy\\typeshed\\stdlib\\compression\\_common'...
Listing 'backend\\.venv\\Lib\\site-packages\\mypy\\typeshed\\stdlib\\compression\\zstd'...
Listing 'backend\\.venv\\Lib\\site-packages\\mypy\\typeshed\\stdlib\\concurrent'...
Listing 'backend\\.venv\\Lib\\site-packages\\mypy\\typeshed\\stdlib\\concurrent\\futures'...
Listing 'backend\\.venv\\Lib\\site-packages\\mypy\\typeshed\\stdlib\\concurrent\\interpreters'...
Listing 'backend\\.venv\\Lib\\site-packages\\mypy\\typeshed\\stdlib\\ctypes'...
Listing 'backend\\.venv\\Lib\\site-packages\\mypy\\typeshed\\stdlib\\ctypes\\macholib'...
Listing 'backend\\.venv\\Lib\\site-packages\\mypy\\typeshed\\stdlib\\curses'...
Listing 'backend\\.venv\\Lib\\site-packages\\mypy\\typeshed\\stdlib\\dbm'...
Listing 'backend\\.venv\\Lib\\site-packages\\mypy\\typeshed\\stdlib\\distutils'...
Listing 'backend\\.venv\\Lib\\site-packages\\mypy\\typeshed\\stdlib\\distutils\\command'...
Listing 'backend\\.venv\\Lib\\site-packages\\mypy\\typeshed\\stdlib\\email'...
Listing 'backend\\.venv\\Lib\\site-packages\\mypy\\typeshed\\stdlib\\email\\mime'...
Listing 'backend\\.venv\\Lib\\site-packages\\mypy\\typeshed\\stdlib\\encodings'...
Listing 'backend\\.venv\\Lib\\site-packages\\mypy\\typeshed\\stdlib\\ensurepip'...
Listing 'backend\\.venv\\Lib\\site-packages\\mypy\\typeshed\\stdlib\\html'...
Listing 'backend\\.venv\\Lib\\site-packages\\mypy\\typeshed\\stdlib\\http'...
Listing 'backend\\.venv\\Lib\\site-packages\\mypy\\typeshed\\stdlib\\importlib'...
Listing 'backend\\.venv\\Lib\\site-packages\\mypy\\typeshed\\stdlib\\importlib\\metadata'...
Listing 'backend\\.venv\\Lib\\site-packages\\mypy\\typeshed\\stdlib\\importlib\\resources'...
Listing 'backend\\.venv\\Lib\\site-packages\\mypy\\typeshed\\stdlib\\json'...
Listing 'backend\\.venv\\Lib\\site-packages\\mypy\\typeshed\\stdlib\\lib2to3'...
Listing 'backend\\.venv\\Lib\\site-packages\\mypy\\typeshed\\stdlib\\lib2to3\\fixes'...
Listing 'backend\\.venv\\Lib\\site-packages\\mypy\\typeshed\\stdlib\\lib2to3\\pgen2'...
Listing 'backend\\.venv\\Lib\\site-packages\\mypy\\typeshed\\stdlib\\logging'...
Listing 'backend\\.venv\\Lib\\site-packages\\mypy\\typeshed\\stdlib\\msilib'...
Listing 'backend\\.venv\\Lib\\site-packages\\mypy\\typeshed\\stdlib\\multiprocessing'...
Listing 'backend\\.venv\\Lib\\site-packages\\mypy\\typeshed\\stdlib\\multiprocessing\\dummy'...
Listing 'backend\\.venv\\Lib\\site-packages\\mypy\\typeshed\\stdlib\\os'...
Listing 'backend\\.venv\\Lib\\site-packages\\mypy\\typeshed\\stdlib\\pathlib'...
Listing 'backend\\.venv\\Lib\\site-packages\\mypy\\typeshed\\stdlib\\pydoc_data'...
Listing 'backend\\.venv\\Lib\\site-packages\\mypy\\typeshed\\stdlib\\pyexpat'...
Listing 'backend\\.venv\\Lib\\site-packages\\mypy\\typeshed\\stdlib\\sqlite3'...
Listing 'backend\\.venv\\Lib\\site-packages\\mypy\\typeshed\\stdlib\\string'...
Listing 'backend\\.venv\\Lib\\site-packages\\mypy\\typeshed\\stdlib\\sys'...
Listing 'backend\\.venv\\Lib\\site-packages\\mypy\\typeshed\\stdlib\\tkinter'...
Listing 'backend\\.venv\\Lib\\site-packages\\mypy\\typeshed\\stdlib\\unittest'...
Listing 'backend\\.venv\\Lib\\site-packages\\mypy\\typeshed\\stdlib\\urllib'...
Listing 'backend\\.venv\\Lib\\site-packages\\mypy\\typeshed\\stdlib\\venv'...
Listing 'backend\\.venv\\Lib\\site-packages\\mypy\\typeshed\\stdlib\\wsgiref'...
Listing 'backend\\.venv\\Lib\\site-packages\\mypy\\typeshed\\stdlib\\xml'...
Listing 'backend\\.venv\\Lib\\site-packages\\mypy\\typeshed\\stdlib\\xml\\dom'...
Listing 'backend\\.venv\\Lib\\site-packages\\mypy\\typeshed\\stdlib\\xml\\etree'...
Listing 'backend\\.venv\\Lib\\site-packages\\mypy\\typeshed\\stdlib\\xml\\parsers'...
Listing 'backend\\.venv\\Lib\\site-packages\\mypy\\typeshed\\stdlib\\xml\\parsers\\expat'...
Listing 'backend\\.venv\\Lib\\site-packages\\mypy\\typeshed\\stdlib\\xml\\sax'...
Listing 'backend\\.venv\\Lib\\site-packages\\mypy\\typeshed\\stdlib\\xmlrpc'...
Listing 'backend\\.venv\\Lib\\site-packages\\mypy\\typeshed\\stdlib\\zipfile'...
Listing 'backend\\.venv\\Lib\\site-packages\\mypy\\typeshed\\stdlib\\zipfile\\_path'...
Listing 'backend\\.venv\\Lib\\site-packages\\mypy\\typeshed\\stdlib\\zoneinfo'...
Listing 'backend\\.venv\\Lib\\site-packages\\mypy\\typeshed\\stubs'...
Listing 'backend\\.venv\\Lib\\site-packages\\mypy\\typeshed\\stubs\\librt'...
Listing 'backend\\.venv\\Lib\\site-packages\\mypy\\typeshed\\stubs\\librt\\librt'...
Listing 'backend\\.venv\\Lib\\site-packages\\mypy\\typeshed\\stubs\\mypy-extensions'...
Listing 'backend\\.venv\\Lib\\site-packages\\mypy\\xml'...
Listing 'backend\\.venv\\Lib\\site-packages\\mypy-1.20.2.dist-info'...
Listing 'backend\\.venv\\Lib\\site-packages\\mypy-1.20.2.dist-info\\licenses'...
Listing 'backend\\.venv\\Lib\\site-packages\\mypy-1.20.2.dist-info\\licenses\\mypy'...
Listing 'backend\\.venv\\Lib\\site-packages\\mypy-1.20.2.dist-info\\licenses\\mypy\\typeshed'...
Listing 'backend\\.venv\\Lib\\site-packages\\mypy_extensions-1.1.0.dist-info'...
Listing 'backend\\.venv\\Lib\\site-packages\\mypy_extensions-1.1.0.dist-info\\licenses'...
Listing 'backend\\.venv\\Lib\\site-packages\\mypyc'...
Listing 'backend\\.venv\\Lib\\site-packages\\mypyc\\analysis'...
Listing 'backend\\.venv\\Lib\\site-packages\\mypyc\\codegen'...
Listing 'backend\\.venv\\Lib\\site-packages\\mypyc\\ir'...
Listing 'backend\\.venv\\Lib\\site-packages\\mypyc\\irbuild'...
Listing 'backend\\.venv\\Lib\\site-packages\\mypyc\\lib-rt'...
Listing 'backend\\.venv\\Lib\\site-packages\\mypyc\\lib-rt\\base64'...
Listing 'backend\\.venv\\Lib\\site-packages\\mypyc\\lib-rt\\base64\\arch'...
Listing 'backend\\.venv\\Lib\\site-packages\\mypyc\\lib-rt\\base64\\arch\\avx'...
Listing 'backend\\.venv\\Lib\\site-packages\\mypyc\\lib-rt\\base64\\arch\\avx2'...
Listing 'backend\\.venv\\Lib\\site-packages\\mypyc\\lib-rt\\base64\\arch\\avx512'...
Listing 'backend\\.venv\\Lib\\site-packages\\mypyc\\lib-rt\\base64\\arch\\generic'...
Listing 'backend\\.venv\\Lib\\site-packages\\mypyc\\lib-rt\\base64\\arch\\generic\\32'...
Listing 'backend\\.venv\\Lib\\site-packages\\mypyc\\lib-rt\\base64\\arch\\generic\\64'...
Listing 'backend\\.venv\\Lib\\site-packages\\mypyc\\lib-rt\\base64\\arch\\neon32'...
Listing 'backend\\.venv\\Lib\\site-packages\\mypyc\\lib-rt\\base64\\arch\\neon64'...
Listing 'backend\\.venv\\Lib\\site-packages\\mypyc\\lib-rt\\base64\\arch\\sse41'...
Listing 'backend\\.venv\\Lib\\site-packages\\mypyc\\lib-rt\\base64\\arch\\sse42'...
Listing 'backend\\.venv\\Lib\\site-packages\\mypyc\\lib-rt\\base64\\arch\\ssse3'...
Listing 'backend\\.venv\\Lib\\site-packages\\mypyc\\lib-rt\\base64\\tables'...
Listing 'backend\\.venv\\Lib\\site-packages\\mypyc\\lib-rt\\internal'...
Listing 'backend\\.venv\\Lib\\site-packages\\mypyc\\lib-rt\\strings'...
Listing 'backend\\.venv\\Lib\\site-packages\\mypyc\\lib-rt\\time'...
Listing 'backend\\.venv\\Lib\\site-packages\\mypyc\\lib-rt\\vecs'...
Listing 'backend\\.venv\\Lib\\site-packages\\mypyc\\lower'...
Listing 'backend\\.venv\\Lib\\site-packages\\mypyc\\primitives'...
Listing 'backend\\.venv\\Lib\\site-packages\\mypyc\\test'...
Listing 'backend\\.venv\\Lib\\site-packages\\mypyc\\transform'...
Listing 'backend\\.venv\\Lib\\site-packages\\packaging'...
Listing 'backend\\.venv\\Lib\\site-packages\\packaging\\licenses'...
Listing 'backend\\.venv\\Lib\\site-packages\\packaging-26.3.dist-info'...
Listing 'backend\\.venv\\Lib\\site-packages\\packaging-26.3.dist-info\\licenses'...
Listing 'backend\\.venv\\Lib\\site-packages\\pathspec'...
Listing 'backend\\.venv\\Lib\\site-packages\\pathspec\\_backends'...
Listing 'backend\\.venv\\Lib\\site-packages\\pathspec\\_backends\\hyperscan'...
Listing 'backend\\.venv\\Lib\\site-packages\\pathspec\\_backends\\re2'...
Listing 'backend\\.venv\\Lib\\site-packages\\pathspec\\_backends\\simple'...
Listing 'backend\\.venv\\Lib\\site-packages\\pathspec\\patterns'...
Listing 'backend\\.venv\\Lib\\site-packages\\pathspec\\patterns\\gitignore'...
Listing 'backend\\.venv\\Lib\\site-packages\\pathspec-1.1.1.dist-info'...
Listing 'backend\\.venv\\Lib\\site-packages\\pathspec-1.1.1.dist-info\\licenses'...
Listing 'backend\\.venv\\Lib\\site-packages\\pluggy'...
Listing 'backend\\.venv\\Lib\\site-packages\\pluggy-1.6.0.dist-info'...
Listing 'backend\\.venv\\Lib\\site-packages\\pluggy-1.6.0.dist-info\\licenses'...
Listing 'backend\\.venv\\Lib\\site-packages\\psycopg'...
Listing 'backend\\.venv\\Lib\\site-packages\\psycopg\\crdb'...
Listing 'backend\\.venv\\Lib\\site-packages\\psycopg\\pq'...
Listing 'backend\\.venv\\Lib\\site-packages\\psycopg\\types'...
Listing 'backend\\.venv\\Lib\\site-packages\\psycopg-3.3.6.dist-info'...
Listing 'backend\\.venv\\Lib\\site-packages\\psycopg-3.3.6.dist-info\\licenses'...
Listing 'backend\\.venv\\Lib\\site-packages\\psycopg_binary'...
Listing 'backend\\.venv\\Lib\\site-packages\\psycopg_binary\\types'...
Listing 'backend\\.venv\\Lib\\site-packages\\psycopg_binary-3.3.6.dist-info'...
Listing 'backend\\.venv\\Lib\\site-packages\\psycopg_binary-3.3.6.dist-info\\licenses'...
Listing 'backend\\.venv\\Lib\\site-packages\\psycopg_binary.libs'...
Listing 'backend\\.venv\\Lib\\site-packages\\pydantic'...
Listing 'backend\\.venv\\Lib\\site-packages\\pydantic\\_internal'...
Listing 'backend\\.venv\\Lib\\site-packages\\pydantic\\deprecated'...
Listing 'backend\\.venv\\Lib\\site-packages\\pydantic\\experimental'...
Listing 'backend\\.venv\\Lib\\site-packages\\pydantic\\plugin'...
Listing 'backend\\.venv\\Lib\\site-packages\\pydantic\\v1'...
Listing 'backend\\.venv\\Lib\\site-packages\\pydantic-2.13.5.dist-info'...
Listing 'backend\\.venv\\Lib\\site-packages\\pydantic-2.13.5.dist-info\\licenses'...
Listing 'backend\\.venv\\Lib\\site-packages\\pydantic_core'...
Listing 'backend\\.venv\\Lib\\site-packages\\pydantic_core-2.46.5.dist-info'...
Listing 'backend\\.venv\\Lib\\site-packages\\pydantic_core-2.46.5.dist-info\\licenses'...
Listing 'backend\\.venv\\Lib\\site-packages\\pydantic_core-2.46.5.dist-info\\sboms'...
Listing 'backend\\.venv\\Lib\\site-packages\\pydantic_settings'...
Listing 'backend\\.venv\\Lib\\site-packages\\pydantic_settings\\sources'...
Listing 'backend\\.venv\\Lib\\site-packages\\pydantic_settings\\sources\\providers'...
Listing 'backend\\.venv\\Lib\\site-packages\\pydantic_settings-2.15.0.dist-info'...
Listing 'backend\\.venv\\Lib\\site-packages\\pydantic_settings-2.15.0.dist-info\\licenses'...
Listing 'backend\\.venv\\Lib\\site-packages\\pygments'...
Listing 'backend\\.venv\\Lib\\site-packages\\pygments\\filters'...
Listing 'backend\\.venv\\Lib\\site-packages\\pygments\\formatters'...
Listing 'backend\\.venv\\Lib\\site-packages\\pygments\\lexers'...
Listing 'backend\\.venv\\Lib\\site-packages\\pygments\\styles'...
Listing 'backend\\.venv\\Lib\\site-packages\\pygments-2.21.0.dist-info'...
Listing 'backend\\.venv\\Lib\\site-packages\\pygments-2.21.0.dist-info\\licenses'...
Listing 'backend\\.venv\\Lib\\site-packages\\pytest'...
Listing 'backend\\.venv\\Lib\\site-packages\\pytest-9.1.1.dist-info'...
Listing 'backend\\.venv\\Lib\\site-packages\\pytest-9.1.1.dist-info\\licenses'...
Listing 'backend\\.venv\\Lib\\site-packages\\python_dotenv-1.2.3.dist-info'...
Listing 'backend\\.venv\\Lib\\site-packages\\python_dotenv-1.2.3.dist-info\\licenses'...
Listing 'backend\\.venv\\Lib\\site-packages\\ruff'...
Listing 'backend\\.venv\\Lib\\site-packages\\ruff-0.16.8.dist-info'...
Listing 'backend\\.venv\\Lib\\site-packages\\ruff-0.16.8.dist-info\\licenses'...
Listing 'backend\\.venv\\Lib\\site-packages\\ruff-0.16.8.dist-info\\sboms'...
Listing 'backend\\.venv\\Lib\\site-packages\\sqlalchemy'...
Listing 'backend\\.venv\\Lib\\site-packages\\sqlalchemy\\connectors'...
Listing 'backend\\.venv\\Lib\\site-packages\\sqlalchemy\\cyextension'...
Listing 'backend\\.venv\\Lib\\site-packages\\sqlalchemy\\dialects'...
Listing 'backend\\.venv\\Lib\\site-packages\\sqlalchemy\\dialects\\mssql'...
Listing 'backend\\.venv\\Lib\\site-packages\\sqlalchemy\\dialects\\mysql'...
Listing 'backend\\.venv\\Lib\\site-packages\\sqlalchemy\\dialects\\oracle'...
Listing 'backend\\.venv\\Lib\\site-packages\\sqlalchemy\\dialects\\postgresql'...
Listing 'backend\\.venv\\Lib\\site-packages\\sqlalchemy\\dialects\\sqlite'...
Listing 'backend\\.venv\\Lib\\site-packages\\sqlalchemy\\engine'...
Listing 'backend\\.venv\\Lib\\site-packages\\sqlalchemy\\event'...
Listing 'backend\\.venv\\Lib\\site-packages\\sqlalchemy\\ext'...
Listing 'backend\\.venv\\Lib\\site-packages\\sqlalchemy\\ext\\asyncio'...
Listing 'backend\\.venv\\Lib\\site-packages\\sqlalchemy\\ext\\declarative'...
Listing 'backend\\.venv\\Lib\\site-packages\\sqlalchemy\\ext\\mypy'...
Listing 'backend\\.venv\\Lib\\site-packages\\sqlalchemy\\future'...
Listing 'backend\\.venv\\Lib\\site-packages\\sqlalchemy\\orm'...
Listing 'backend\\.venv\\Lib\\site-packages\\sqlalchemy\\pool'...
Listing 'backend\\.venv\\Lib\\site-packages\\sqlalchemy\\sql'...
Listing 'backend\\.venv\\Lib\\site-packages\\sqlalchemy\\testing'...
Listing 'backend\\.venv\\Lib\\site-packages\\sqlalchemy\\testing\\fixtures'...
Listing 'backend\\.venv\\Lib\\site-packages\\sqlalchemy\\testing\\plugin'...
Listing 'backend\\.venv\\Lib\\site-packages\\sqlalchemy\\testing\\suite'...
Listing 'backend\\.venv\\Lib\\site-packages\\sqlalchemy\\util'...
Listing 'backend\\.venv\\Lib\\site-packages\\sqlalchemy-2.0.54.dist-info'...
Listing 'backend\\.venv\\Lib\\site-packages\\sqlalchemy-2.0.54.dist-info\\licenses'...
Listing 'backend\\.venv\\Lib\\site-packages\\starlette'...
Listing 'backend\\.venv\\Lib\\site-packages\\starlette\\middleware'...
Listing 'backend\\.venv\\Lib\\site-packages\\starlette-1.6.0.dist-info'...
Listing 'backend\\.venv\\Lib\\site-packages\\starlette-1.6.0.dist-info\\licenses'...
Listing 'backend\\.venv\\Lib\\site-packages\\typing_extensions-4.16.0.dist-info'...
Listing 'backend\\.venv\\Lib\\site-packages\\typing_extensions-4.16.0.dist-info\\licenses'...
Listing 'backend\\.venv\\Lib\\site-packages\\typing_inspection'...
Listing 'backend\\.venv\\Lib\\site-packages\\typing_inspection-0.4.4.dist-info'...
Listing 'backend\\.venv\\Lib\\site-packages\\typing_inspection-0.4.4.dist-info\\licenses'...
Listing 'backend\\.venv\\Lib\\site-packages\\tzdata'...
Listing 'backend\\.venv\\Lib\\site-packages\\tzdata\\zoneinfo'...
Listing 'backend\\.venv\\Lib\\site-packages\\tzdata\\zoneinfo\\Africa'...
Listing 'backend\\.venv\\Lib\\site-packages\\tzdata\\zoneinfo\\America'...
Listing 'backend\\.venv\\Lib\\site-packages\\tzdata\\zoneinfo\\America\\Argentina'...
Listing 'backend\\.venv\\Lib\\site-packages\\tzdata\\zoneinfo\\America\\Indiana'...
Listing 'backend\\.venv\\Lib\\site-packages\\tzdata\\zoneinfo\\America\\Kentucky'...
Listing 'backend\\.venv\\Lib\\site-packages\\tzdata\\zoneinfo\\America\\North_Dakota'...
Listing 'backend\\.venv\\Lib\\site-packages\\tzdata\\zoneinfo\\Antarctica'...
Listing 'backend\\.venv\\Lib\\site-packages\\tzdata\\zoneinfo\\Arctic'...
Listing 'backend\\.venv\\Lib\\site-packages\\tzdata\\zoneinfo\\Asia'...
Listing 'backend\\.venv\\Lib\\site-packages\\tzdata\\zoneinfo\\Atlantic'...
Listing 'backend\\.venv\\Lib\\site-packages\\tzdata\\zoneinfo\\Australia'...
Listing 'backend\\.venv\\Lib\\site-packages\\tzdata\\zoneinfo\\Brazil'...
Listing 'backend\\.venv\\Lib\\site-packages\\tzdata\\zoneinfo\\Canada'...
Listing 'backend\\.venv\\Lib\\site-packages\\tzdata\\zoneinfo\\Chile'...
Listing 'backend\\.venv\\Lib\\site-packages\\tzdata\\zoneinfo\\Etc'...
Listing 'backend\\.venv\\Lib\\site-packages\\tzdata\\zoneinfo\\Europe'...
Listing 'backend\\.venv\\Lib\\site-packages\\tzdata\\zoneinfo\\Indian'...
Listing 'backend\\.venv\\Lib\\site-packages\\tzdata\\zoneinfo\\Mexico'...
Listing 'backend\\.venv\\Lib\\site-packages\\tzdata\\zoneinfo\\Pacific'...
Listing 'backend\\.venv\\Lib\\site-packages\\tzdata\\zoneinfo\\US'...
Listing 'backend\\.venv\\Lib\\site-packages\\tzdata-2026.4.dist-info'...
Listing 'backend\\.venv\\Lib\\site-packages\\tzdata-2026.4.dist-info\\licenses'...
Listing 'backend\\.venv\\Lib\\site-packages\\tzdata-2026.4.dist-info\\licenses\\licenses'...
Listing 'backend\\.venv\\Lib\\site-packages\\uvicorn'...
Listing 'backend\\.venv\\Lib\\site-packages\\uvicorn\\lifespan'...
Listing 'backend\\.venv\\Lib\\site-packages\\uvicorn\\loops'...
Listing 'backend\\.venv\\Lib\\site-packages\\uvicorn\\middleware'...
Listing 'backend\\.venv\\Lib\\site-packages\\uvicorn\\protocols'...
Listing 'backend\\.venv\\Lib\\site-packages\\uvicorn\\protocols\\http'...
Listing 'backend\\.venv\\Lib\\site-packages\\uvicorn\\protocols\\websockets'...
Listing 'backend\\.venv\\Lib\\site-packages\\uvicorn\\supervisors'...
Listing 'backend\\.venv\\Lib\\site-packages\\uvicorn-0.53.0.dist-info'...
Listing 'backend\\.venv\\Lib\\site-packages\\uvicorn-0.53.0.dist-info\\licenses'...
Listing 'backend\\.venv\\Scripts'...
Listing 'backend\\.venv\\include'...
Listing 'backend\\.venv\\include\\site'...
Listing 'backend\\.venv\\include\\site\\python3.12'...
Listing 'backend\\.venv\\include\\site\\python3.12\\greenlet'...
Listing 'backend\\app'...
Listing 'backend\\app\\api'...
Listing 'backend\\app\\api\\v1'...
Listing 'backend\\app\\application'...
Listing 'backend\\app\\domain'...
Listing 'backend\\app\\infrastructure'...
Listing 'backend\\app\\schemas'...
Listing 'backend\\backend'...
Listing 'backend\\backend\\migrations'...
Listing 'backend\\backend\\migrations\\versions'...
Listing 'backend\\data'...
Listing 'backend\\migrations'...
Listing 'backend\\migrations\\versions'...
Listing 'backend\\pytest-cache-files-6hm61u0h'...
Listing 'backend\\pytest-cache-files-ant40xnn'...
Listing 'backend\\tests'...
Compiling 'backend\\tests\\test_commerce.py'...
